Connection to 173.194.222.113 80 port [tcp/http] succeeded!
Connection to 87.250.250.242 80 port [tcp/http] succeeded!
nc: connect to 192.168.0.1 port 80 (tcp) timed out: Operation now in progress
Connection to 173.194.222.113 80 port [tcp/http] succeeded!
Connection to 87.250.250.242 80 port [tcp/http] succeeded!
nc: connect to 192.168.0.1 port 80 (tcp) timed out: Operation now in progress
Connection to 173.194.222.113 80 port [tcp/http] succeeded!
Connection to 87.250.250.242 80 port [tcp/http] succeeded!
nc: connect to 192.168.0.1 port 80 (tcp) timed out: Operation now in progress
Connection to 173.194.222.113 80 port [tcp/http] succeeded!
Connection to 87.250.250.242 80 port [tcp/http] succeeded!
nc: connect to 192.168.0.1 port 80 (tcp) timed out: Operation now in progress
Connection to 173.194.222.113 80 port [tcp/http] succeeded!
Connection to 87.250.250.242 80 port [tcp/http] succeeded!
nc: connect to 192.168.0.1 port 80 (tcp) timed out: Operation now in progress
Connection to 173.194.222.113 80 port [tcp/http] succeeded!
Connection to 87.250.250.242 80 port [tcp/http] succeeded!
nc: connect to 192.168.0.1 port 80 (tcp) timed out: Operation now in progress
Connection to 173.194.222.113 80 port [tcp/http] succeeded!
Connection to 87.250.250.242 80 port [tcp/http] succeeded!
nc: connect to 192.168.0.1 port 80 (tcp) timed out: Operation now in progress
Connection to 173.194.222.113 80 port [tcp/http] succeeded!
Connection to 87.250.250.242 80 port [tcp/http] succeeded!
nc: connect to 192.168.0.1 port 80 (tcp) timed out: Operation now in progress
Connection to 173.194.222.113 80 port [tcp/http] succeeded!
Connection to 87.250.250.242 80 port [tcp/http] succeeded!
nc: connect to 192.168.0.1 port 80 (tcp) timed out: Operation now in progress
Connection to 173.194.222.113 80 port [tcp/http] succeeded!
Connection to 87.250.250.242 80 port [tcp/http] succeeded!
nc: connect to 192.168.0.1 port 80 (tcp) timed out: Operation now in progress
